--------- beginning of main
09-26 01:00:41.494 I/flutter (29395): [IMPORTANT:flutter/shell/platform/android/android_context_vk_impeller.cc(62)] Using the Impeller rendering backend (Vulkan).
09-26 01:00:41.509 I/flutter (29395): [IMPORTANT:flutter/shell/platform/android/android_context_gl_impeller.cc(104)] Using the Impeller rendering backend (OpenGLES).
09-26 01:00:41.519 I/flutter (29395): YUV_BLUR_STAGE:startup operation=box
09-26 01:00:41.519 I/flutter (29395): YUV_BLUR_STAGE:initialize
09-26 01:00:41.520 I/flutter (29395): YUV_BLUR_STAGE:load_png
09-26 01:00:42.130 I/flutter (29395): YUV_BLUR_STAGE:prepare_nv21 reference_1477x1065
09-26 01:00:42.513 I/flutter (29395): YUV_BLUR_STAGE:reference_1477x1065 warmup 0 clone
09-26 01:00:42.536 I/flutter (29395): YUV_BLUR_STAGE:reference_1477x1065 warmup 0 done
09-26 01:00:42.613 I/flutter (29395): YUV_BLUR_STAGE:reference_1477x1065 warmup 1 clone
09-26 01:00:42.634 I/flutter (29395): YUV_BLUR_STAGE:reference_1477x1065 warmup 1 done
09-26 01:00:42.709 I/flutter (29395): YUV_BLUR_STAGE:reference_1477x1065 sample 2 clone
09-26 01:00:42.731 I/flutter (29395): YUV_BLUR_STAGE:reference_1477x1065 sample 2 done
09-26 01:00:42.807 I/flutter (29395): YUV_BLUR_STAGE:reference_1477x1065 sample 3 clone
09-26 01:00:42.828 I/flutter (29395): YUV_BLUR_STAGE:reference_1477x1065 sample 3 done
09-26 01:00:42.902 I/flutter (29395): YUV_BLUR_STAGE:reference_1477x1065 sample 4 clone
09-26 01:00:42.924 I/flutter (29395): YUV_BLUR_STAGE:reference_1477x1065 sample 4 done
09-26 01:00:43.001 I/flutter (29395): YUV_BLUR_STAGE:reference_1477x1065 sample 5 clone
09-26 01:00:43.021 I/flutter (29395): YUV_BLUR_STAGE:reference_1477x1065 sample 5 done
09-26 01:00:43.096 I/flutter (29395): YUV_BLUR_STAGE:reference_1477x1065 sample 6 clone
09-26 01:00:43.118 I/flutter (29395): YUV_BLUR_STAGE:reference_1477x1065 sample 6 done
09-26 01:00:43.194 I/flutter (29395): YUV_BLUR_STAGE:reference_1477x1065 sample 7 clone
09-26 01:00:43.215 I/flutter (29395): YUV_BLUR_STAGE:reference_1477x1065 sample 7 done
09-26 01:00:43.290 I/flutter (29395): YUV_BLUR_STAGE:reference_1477x1065 sample 8 clone
09-26 01:00:43.312 I/flutter (29395): YUV_BLUR_STAGE:reference_1477x1065 sample 8 done
09-26 01:00:44.836 I/flutter (29395): YUV_BLUR_STAGE:visual /storage/emulated/0/Android/data/com.yuvffi.bench.blur_runner/files/blur01_box.png
09-26 01:00:44.836 I/flutter (29395): YUV_BLUR_STAGE:prepare_nv21 derived_720x360
09-26 01:00:44.901 I/flutter (29395): YUV_BLUR_STAGE:derived_720x360 warmup 0 clone
09-26 01:00:44.907 I/flutter (29395): YUV_BLUR_STAGE:derived_720x360 warmup 0 done
09-26 01:00:44.919 I/flutter (29395): YUV_BLUR_STAGE:derived_720x360 warmup 1 clone
09-26 01:00:44.922 I/flutter (29395): YUV_BLUR_STAGE:derived_720x360 warmup 1 done
09-26 01:00:44.935 I/flutter (29395): YUV_BLUR_STAGE:derived_720x360 sample 2 clone
09-26 01:00:44.938 I/flutter (29395): YUV_BLUR_STAGE:derived_720x360 sample 2 done
09-26 01:00:44.950 I/flutter (29395): YUV_BLUR_STAGE:derived_720x360 sample 3 clone
09-26 01:00:44.953 I/flutter (29395): YUV_BLUR_STAGE:derived_720x360 sample 3 done
09-26 01:00:44.966 I/flutter (29395): YUV_BLUR_STAGE:derived_720x360 sample 4 clone
09-26 01:00:44.968 I/flutter (29395): YUV_BLUR_STAGE:derived_720x360 sample 4 done
09-26 01:00:44.981 I/flutter (29395): YUV_BLUR_STAGE:derived_720x360 sample 5 clone
09-26 01:00:44.985 I/flutter (29395): YUV_BLUR_STAGE:derived_720x360 sample 5 done
09-26 01:00:44.998 I/flutter (29395): YUV_BLUR_STAGE:derived_720x360 sample 6 clone
09-26 01:00:45.001 I/flutter (29395): YUV_BLUR_STAGE:derived_720x360 sample 6 done
09-26 01:00:45.013 I/flutter (29395): YUV_BLUR_STAGE:derived_720x360 sample 7 clone
09-26 01:00:45.016 I/flutter (29395): YUV_BLUR_STAGE:derived_720x360 sample 7 done
09-26 01:00:45.029 I/flutter (29395): YUV_BLUR_STAGE:derived_720x360 sample 8 clone
09-26 01:00:45.032 I/flutter (29395): YUV_BLUR_STAGE:derived_720x360 sample 8 done
09-26 01:00:45.045 I/flutter (29395): YUV_BLUR_RESULT:{"schema":1,"operation":"box","radius":10,"warmup_count":2,"sample_count":7,"package_sha":"19e2516fc5c620559f9abe680bb8926a8c9efd6e","source_sha":"d4e9e54fd92a53ce204ecc36f0031c8db3e2085c","build_parameters":"android-release-aot;operation=box;radius=10;sigma=10;warmup=2;samples=7","id":"reference_1477x1065","width":1477,"height":1065,"public_format":"nv12","source_constructor":"YuvImage.nv21","selected_chroma_byte_order":"UV","packed_layout":"Y + interleaved UV chroma","source_sha256":"09ab1306d279f6b79bcc77dced485bc2d0691cf823aad82c0b5b1ad6f041cc78","result_sha256":"4bddeb4bdb8a3b781c61d4357024497d05bb1255e06ace4ed09f1f69d376d77a","warmup_ms":[17.718,18.272],"raw_ms":[16.6,18.07,16.598,18.047,16.61,18.034,16.471],"median_ms":16.61,"min_ms":16.471,"max_ms":18.07,"spread_ms":1.5990000000000002}
09-26 01:00:45.045 I/flutter (29395): YUV_BLUR_RESULT:{"schema":1,"operation":"box","radius":10,"warmup_count":2,"sample_count":7,"package_sha":"19e2516fc5c620559f9abe680bb8926a8c9efd6e","source_sha":"d4e9e54fd92a53ce204ecc36f0031c8db3e2085c","build_parameters":"android-release-aot;operation=box;radius=10;sigma=10;warmup=2;samples=7","id":"derived_720x360","width":720,"height":360,"public_format":"nv12","source_constructor":"YuvImage.nv21","selected_chroma_byte_order":"UV","packed_layout":"Y + interleaved UV chroma","source_sha256":"1fada775114bc0f90a9fb1338acdfd302c281331598400c328fde897106a289e","result_sha256":"27f492f4066a6fbbaedb2aee21ae72a48d24f9ed5eb13e926ff5364bc93831fa","warmup_ms":[4.661,2.59],"raw_ms":[2.685,2.529,2.53,3.317,2.674,2.66,2.499],"median_ms":2.66,"min_ms":2.499,"max_ms":3.317,"spread_ms":0.8180000000000001}
