--------- beginning of main
09-26 00:59:41.371 I/flutter (29176): [IMPORTANT:flutter/shell/platform/android/android_context_vk_impeller.cc(62)] Using the Impeller rendering backend (Vulkan).
09-26 00:59:41.389 I/flutter (29176): [IMPORTANT:flutter/shell/platform/android/android_context_gl_impeller.cc(104)] Using the Impeller rendering backend (OpenGLES).
09-26 00:59:41.423 I/flutter (29176): YUV_BLUR_STAGE:startup operation=box
09-26 00:59:41.423 I/flutter (29176): YUV_BLUR_STAGE:initialize
09-26 00:59:41.424 I/flutter (29176): YUV_BLUR_STAGE:load_png
09-26 00:59:42.037 I/flutter (29176): YUV_BLUR_STAGE:prepare_nv21 reference_1477x1065
09-26 00:59:42.423 I/flutter (29176): YUV_BLUR_STAGE:reference_1477x1065 warmup 0 clone
09-26 00:59:42.439 I/flutter (29176): YUV_BLUR_STAGE:reference_1477x1065 warmup 0 done
09-26 00:59:42.514 I/flutter (29176): YUV_BLUR_STAGE:reference_1477x1065 warmup 1 clone
09-26 00:59:42.531 I/flutter (29176): YUV_BLUR_STAGE:reference_1477x1065 warmup 1 done
09-26 00:59:42.607 I/flutter (29176): YUV_BLUR_STAGE:reference_1477x1065 sample 2 clone
09-26 00:59:42.623 I/flutter (29176): YUV_BLUR_STAGE:reference_1477x1065 sample 2 done
09-26 00:59:42.698 I/flutter (29176): YUV_BLUR_STAGE:reference_1477x1065 sample 3 clone
09-26 00:59:42.715 I/flutter (29176): YUV_BLUR_STAGE:reference_1477x1065 sample 3 done
09-26 00:59:42.791 I/flutter (29176): YUV_BLUR_STAGE:reference_1477x1065 sample 4 clone
09-26 00:59:42.806 I/flutter (29176): YUV_BLUR_STAGE:reference_1477x1065 sample 4 done
09-26 00:59:42.881 I/flutter (29176): YUV_BLUR_STAGE:reference_1477x1065 sample 5 clone
09-26 00:59:42.898 I/flutter (29176): YUV_BLUR_STAGE:reference_1477x1065 sample 5 done
09-26 00:59:42.975 I/flutter (29176): YUV_BLUR_STAGE:reference_1477x1065 sample 6 clone
09-26 00:59:42.990 I/flutter (29176): YUV_BLUR_STAGE:reference_1477x1065 sample 6 done
09-26 00:59:43.065 I/flutter (29176): YUV_BLUR_STAGE:reference_1477x1065 sample 7 clone
09-26 00:59:43.081 I/flutter (29176): YUV_BLUR_STAGE:reference_1477x1065 sample 7 done
09-26 00:59:43.158 I/flutter (29176): YUV_BLUR_STAGE:reference_1477x1065 sample 8 clone
09-26 00:59:43.173 I/flutter (29176): YUV_BLUR_STAGE:reference_1477x1065 sample 8 done
09-26 00:59:44.773 I/flutter (29176): YUV_BLUR_STAGE:visual /storage/emulated/0/Android/data/com.yuvffi.bench.blur_runner/files/blur01_box.png
09-26 00:59:44.773 I/flutter (29176): YUV_BLUR_STAGE:prepare_nv21 derived_720x360
09-26 00:59:44.838 I/flutter (29176): YUV_BLUR_STAGE:derived_720x360 warmup 0 clone
09-26 00:59:44.840 I/flutter (29176): YUV_BLUR_STAGE:derived_720x360 warmup 0 done
09-26 00:59:44.853 I/flutter (29176): YUV_BLUR_STAGE:derived_720x360 warmup 1 clone
09-26 00:59:44.855 I/flutter (29176): YUV_BLUR_STAGE:derived_720x360 warmup 1 done
09-26 00:59:44.867 I/flutter (29176): YUV_BLUR_STAGE:derived_720x360 sample 2 clone
09-26 00:59:44.869 I/flutter (29176): YUV_BLUR_STAGE:derived_720x360 sample 2 done
09-26 00:59:44.882 I/flutter (29176): YUV_BLUR_STAGE:derived_720x360 sample 3 clone
09-26 00:59:44.884 I/flutter (29176): YUV_BLUR_STAGE:derived_720x360 sample 3 done
09-26 00:59:44.896 I/flutter (29176): YUV_BLUR_STAGE:derived_720x360 sample 4 clone
09-26 00:59:44.899 I/flutter (29176): YUV_BLUR_STAGE:derived_720x360 sample 4 done
09-26 00:59:44.912 I/flutter (29176): YUV_BLUR_STAGE:derived_720x360 sample 5 clone
09-26 00:59:44.914 I/flutter (29176): YUV_BLUR_STAGE:derived_720x360 sample 5 done
09-26 00:59:44.927 I/flutter (29176): YUV_BLUR_STAGE:derived_720x360 sample 6 clone
09-26 00:59:44.929 I/flutter (29176): YUV_BLUR_STAGE:derived_720x360 sample 6 done
09-26 00:59:44.941 I/flutter (29176): YUV_BLUR_STAGE:derived_720x360 sample 7 clone
09-26 00:59:44.943 I/flutter (29176): YUV_BLUR_STAGE:derived_720x360 sample 7 done
09-26 00:59:44.956 I/flutter (29176): YUV_BLUR_STAGE:derived_720x360 sample 8 clone
09-26 00:59:44.958 I/flutter (29176): YUV_BLUR_STAGE:derived_720x360 sample 8 done
09-26 00:59:44.971 I/flutter (29176): YUV_BLUR_RESULT:{"schema":1,"operation":"box","radius":10,"warmup_count":2,"sample_count":7,"package_sha":"19e2516fc5c620559f9abe680bb8926a8c9efd6e","source_sha":"d4e9e54fd92a53ce204ecc36f0031c8db3e2085c","build_parameters":"android-release-aot;operation=box;radius=10;sigma=10;warmup=2;samples=7","id":"reference_1477x1065","width":1477,"height":1065,"public_format":"nv12","source_constructor":"YuvImage.nv21","selected_chroma_byte_order":"UV","packed_layout":"Y + interleaved UV chroma","source_sha256":"09ab1306d279f6b79bcc77dced485bc2d0691cf823aad82c0b5b1ad6f041cc78","result_sha256":"6f06f4c251f7aa1ef0d542f66e81e02e0b69266b11de29717b9dc70f3214b12f","warmup_ms":[13.205,11.273],"raw_ms":[12.76,11.16,12.904,11.139,12.709,11.191,12.813],"median_ms":12.709,"min_ms":11.139,"max_ms":12.904,"spread_ms":1.7650000000000006}
09-26 00:59:44.971 I/flutter (29176): YUV_BLUR_RESULT:{"schema":1,"operation":"box","radius":10,"warmup_count":2,"sample_count":7,"package_sha":"19e2516fc5c620559f9abe680bb8926a8c9efd6e","source_sha":"d4e9e54fd92a53ce204ecc36f0031c8db3e2085c","build_parameters":"android-release-aot;operation=box;radius=10;sigma=10;warmup=2;samples=7","id":"derived_720x360","width":720,"height":360,"public_format":"nv12","source_constructor":"YuvImage.nv21","selected_chroma_byte_order":"UV","packed_layout":"Y + interleaved UV chroma","source_sha256":"1fada775114bc0f90a9fb1338acdfd302c281331598400c328fde897106a289e","result_sha256":"9c86fadcd676f00dfca41fb9782538141a2da40efbfe1333fc4ec1e5aed20b78","warmup_ms":[2.37,1.643],"raw_ms":[1.768,1.682,2.085,1.818,1.757,1.816,1.615],"median_ms":1.768,"min_ms":1.615,"max_ms":2.085,"spread_ms":0.47}
